
mlint_nospc Chunkname1.html
mlint_mbig Chunkname2.html
mlint_badot Chunkname3.html
mlint_mdeep Chunkname4.html
mlint_deepc Chunkname5.html
mlint_deepn Chunkname6.html
mlint_deeps Chunkname7.html
mlint_rowln Chunkname8.html
mlint_npers Chunkname9.html
mlint_dsarg Chunkname10.html
mlint_endct Chunkname11.html
mlint_cfig Chunkname12.html
mlint_pfrng Chunkname13.html
mlint_pfbrk Chunkname15.html
mlint_pfld Chunkname16.html
mlint_pfgp Chunkname17.html
mlint_pfgv Chunkname18.html
mlint_pfevb Chunkname19.html
mlint_pfuix Chunkname20.html
mlint_pfous Chunkname21.html
mlint_pfiin Chunkname22.html
mlint_pfunk Chunkname23.html
mlint_pfrin Chunkname24.html
mlint_pfrus Chunkname25.html
mlint_pfpie Chunkname26.html
mlint_pfbns Chunkname27.html
mlint_pfbfn Chunkname28.html
mlint_pfifn Chunkname29.html
mlint_pfrnc Chunkname30.html
mlint_pfrfh Chunkname31.html
mlint_forflg Chunkname32.html
mlint_forpf Chunkname33.html
mlint_pfxst Chunkname34.html
mlint_defnu Chunkname35.html
mlint_unrch Chunkname36.html
mlint_prop Chunkname37.html
mlint_cprop Chunkname38.html
mlint_comnl Chunkname39.html
mlint_comnc Chunkname40.html
mlint_fxset Chunkname41.html
mlint_fxup Chunkname42.html
mlint_strsz Chunkname43.html
mlint_m3col Chunkname44.html
mlint_bdlog Chunkname45.html
mlint_bdsca Chunkname46.html
mlint_dualc Chunkname47.html
mlint_stout Chunkname48.html
mlint_ctpct Chunkname49.html
mlint_trync Chunkname50.html
mlint_attf Chunkname51.html
mlint_atppp Chunkname52.html
mlint_ctch Chunkname53.html
mlint_evlc Chunkname54.html
mlint_agrow Chunkname55.html
mlint_flpst Chunkname56.html
mlint_align Chunkname57.html
mlint_nopts Chunkname58.html
mlint_noprt Chunkname59.html
mlint_vunus Chunkname60.html
mlint_bdlgi Chunkname61.html
mlint_bdsci Chunkname62.html
mlint_rhsfn Chunkname63.html
mlint_ltarg Chunkname64.html
mlint_gtarg Chunkname65.html
mlint_fndef Chunkname66.html
mlint_atca Chunkname67.html
mlint_atnpp Chunkname68.html
mlint_lerr Chunkname69.html
mlint_sperr Chunkname70.html
mlint_spwrn Chunkname71.html
mlint_wnon Chunkname72.html
mlint_wnoff Chunkname73.html
mlint_ertxt Chunkname74.html
mlint_wtxt Chunkname75.html
mlint_stcmp Chunkname76.html
mlint_mxfnd Chunkname77.html
mlint_efind Chunkname78.html
mlint_exist Chunkname79.html
mlint_mipc1 Chunkname80.html
mlint_emvdf Chunkname81.html
mlint_mccd Chunkname82.html
mlint_mcprt Chunkname83.html
mlint_mcmlr Chunkname84.html
mlint_mcdp Chunkname85.html
mlint_mcabf Chunkname86.html
mlint_mcmfl Chunkname87.html
mlint_mctbx Chunkname88.html
mlint_mcuoa Chunkname89.html
mlint_mcll Chunkname90.html
mlint_ccat Chunkname91.html
mlint_sagrow Chunkname92.html
mlint_snasgu Chunkname93.html
mlint_nasgu Chunkname94.html
mlint_asglu Chunkname95.html
mlint_mchv1 Chunkname96.html
mlint_mchv2 Chunkname97.html
mlint_mchv3 Chunkname98.html
mlint_minv Chunkname99.html
mlint_laxes Chunkname100.html
mlint_mrpbw Chunkname101.html#mlint_mrpbw
mlint_susens Chunkname102.html#mlint_susens
mlint_sprix Chunkname103.html
mlint_strnu Chunkname104.html
mlint_iters Chunkname105.html
mlint_manu Chunkname106.html
mlint_inusd Chunkname107.html
mlint_nodef Chunkname108.html
mlint_mcsup Chunkname109.html
mlint_quit Chunkname110.html
mlint_emgro Chunkname111.html
mlint_sepex Chunkname112.html
mlint_pftin Chunkname113.html
mlint_mcprd Chunkname114.html
mlint_fndsb Chunkname115.html
mlint_trim1 Chunkname116.html
mlint_mxaset Chunkname117.html
mlint_fstr Chunkname118.html
mlint_match2 Chunkname119.html
mlint_rand Chunkname120.html
mlint_match3 Chunkname121.html
mlint_chlnc Chunkname122.html
mlint_trsrt Chunkname123.html
mlint_msnu Chunkname124.html
mlint_mcsco Chunkname125.html
mlint_mcscf Chunkname126.html
mlint_mccbu Chunkname127.html
mlint_mccmc Chunkname128.html
mlint_mccbs Chunkname129.html
mlint_mcsct Chunkname130.html
var_nonlocal Chunkname131.html
var_global Chunkname132.html
var_persist Chunkname133.html
mlint_nchki Chunkname134.html
mlint_nchko Chunkname134.html
mlint_nchkn Chunkname134.html
mlint_nchkm Chunkname134.html
mlint_nchkno Chunkname134.html
mlint_nchke Chunkname134.html
mlint_stisa Chunkname135.html
mlint_mcnpn Chunkname136.html
mlint_mcnpr Chunkname137.html
mlint_fnan Chunkname138.html
mlint_mnanc Chunkname139.html
mlint_fnest Chunkname140.html
mlint_unonc Chunkname141.html
mlint_dspsp Chunkname142.html
mlint_dspsy Chunkname143.html
mlint_attof Chunkname144.html
mlint_mcswa Chunkname145.html
mlint_chain Chunkname146.html
mlint_btsft Chunkname147.html
mlint_btcmp Chunkname148.html
mlint_preall Chunkname149.html
mlint_dpool Chunkname150.html
mlint_drcosfir Chunkname151.html
mlint_drcosflt Chunkname152.html
mlint_drcosine Chunkname153.html
mlint_dfirrcos Chunkname154.html
mlint_dfirgauss Chunkname155.html
mlint_dgaussfir Chunkname156.html
mlint_zerolike Chunkname157.html
mlint_display Chunkname158.html
mlint_isglob Chunkname159.html
mlint_depgenam Chunkname160.html
mlint_emload Chunkname161.html
mlint_cproplc Chunkname162.html
mlint_proplc Chunkname163.html
mlint_treedisp Chunkname164.html
mlint_treeprune Chunkname165.html
mlint_treeval Chunkname166.html
mlint_svmsmoset Chunkname167.html
mlint_treefit Chunkname168.html
mlint_treetest Chunkname169.html
mlint_clall Chunkname170.html
mlint_clcls Chunkname171.html
mlint_clfunc Chunkname172.html
mlint_sllerr1 Chunkname173.html
mlint_sllerr2 Chunkname174.html
mlint_legintpar Chunkname175.html
mlint_legacymd Chunkname176.html
mlint_legacytrd Chunkname177.html
mlint_legacytrl Chunkname178.html
mlint_legacytru Chunkname179.html
mlint_legacytrs Chunkname180.html
mlint_legacytrg Chunkname181.html
mlint_legacytr Chunkname182.html
mlint_shvai Chunkname183.html
mlint_semfs Chunkname184.html
mlint_colnd Chunkname185.html
mlint_unrpwr Chunkname186.html
mlint_mexcep Chunkname187.html
mlint_nocls Chunkname188.html
mlint_ezplt Chunkname189.html
mlint_ezcontr Chunkname190.html
mlint_ezcntrf Chunkname191.html
mlint_ezgrph3 Chunkname192.html
mlint_ezmesh Chunkname193.html
mlint_ezmshc Chunkname194.html
mlint_ezplt3 Chunkname195.html
mlint_ezsurf Chunkname196.html
mlint_ezsrfc Chunkname197.html
mlint_mcpld Chunkname198.html
mlint_nstimp Chunkname199.html
mlint_idisvar Chunkname200.html
mlint_load Chunkname201.html
mlint_urlrd Chunkname202.html
mlint_urlwr Chunkname203.html
mlint_dmod Chunkname204.html
mlint_ddemod Chunkname205.html
mlint_gmod Chunkname206.html
mlint_gdemod Chunkname207.html
mlint_mmod Chunkname208.html
mlint_mdemod Chunkname209.html
mlint_omod Chunkname210.html
mlint_odemod Chunkname211.html
mlint_pamod Chunkname212.html
mlint_pademod Chunkname213.html
mlint_psmod Chunkname214.html
mlint_psdemod Chunkname215.html
mlint_dspdf Chunkname216.html
mlint_smthc Chunkname217.html
mlint_bdfil Chunkname218.html
mlint_polyrep Chunkname219.html
mlint_polycs Chunkname220.html
mlint_sttok Chunkname221.html
mlint_cmcma Chunkname222.html
mlint_cmcmaad Chunkname223.html
mlint_cmdfe Chunkname224.html
mlint_cmdfeeq Chunkname225.html
mlint_cmlms Chunkname226.html
mlint_cmlmsad Chunkname227.html
mlint_cmlrq Chunkname228.html
mlint_cmlrqeq Chunkname229.html
mlint_cmnlms Chunkname230.html
mlint_cmnlmsad Chunkname231.html
mlint_cmrls Chunkname232.html
mlint_cmrlsad Chunkname233.html
mlint_cmslms Chunkname234.html
mlint_cmslmsad Chunkname235.html
mlint_cmvlms Chunkname236.html
mlint_cmvlmsad Chunkname237.html
mlint_cmequ Chunkname238.html
mlint_randsd Chunkname239.html
mlint_commerrate Chunkname240.html
mlint_tcresult Chunkname241.html
mlint_mcatp Chunkname242.html
mlint_fvsyn Chunkname243.html
mlint_sfld Chunkname244.html
mlint_gfld Chunkname245.html
mlint_wlrc Chunkname246.html
mlint_shocirf Chunkname247.html
mlint_shocirt Chunkname248.html
mlint_shociraa Chunkname249.html
mlint_clarrstr Chunkname250.html
mlint_ctrue Chunkname251.html
mlint_cfalse Chunkname252.html
mlint_compnop Chunkname253.html
mlint_compnot Chunkname254.html
mlint_webremove Chunkname255.html
mlint_mcsct Chunkname256.html
mlint_tbase Chunkname257.html
mlint_sessionadc Chunkname258.html
mlint_sessioniss Chunkname258.html
mlint_sessionoss Chunkname258.html
mlint_sessionsb Chunkname258.html
mlint_sessionsf Chunkname258.html
mlint_sessional Chunkname258.html
mlint_sessiondis Chunkname258.html
mlint_sessionnos Chunkname258.html
mlint_sessionacc Chunkname258.html
mlint_sessionatc Chunkname258.html
mlint_sessionrcon Chunkname258.html
mlint_sessionqod Chunkname259.html
mlint_mchdp Chunkname260.html
mlint_rtwhwdr Chunkname261.html
mlint_zerom Chunkname262.html
mlint_onem Chunkname263.html
mlint_nanm Chunkname264.html
mlint_spzer Chunkname265.html
mlint_b2g Chunkname266.html
mlint_g2b Chunkname267.html
mlint_mnuml Chunkname268.html
mlint_gvmis Chunkname269.html
mlint_ev2in Chunkname270.html
mlint_ev3in Chunkname271.html
mlint_evldot Chunkname272.html
mlint_evlcs Chunkname273.html
mlint_evleq Chunkname274.html
mlint_fvbtn Chunkname275.html
mlint_vsfop Chunkname276.html
mlint_vsfcs Chunkname277.html
mlint_vsfwr Chunkname278.html
mlint_vsfrd Chunkname279.html
mlint_vsfpr Chunkname280.html
mlint_vsfsf Chunkname281.html
mlint_vsfgl Chunkname282.html
mlint_vsfgt Chunkname283.html
mlint_vsqry Chunkname284.html
mlint_vsbbw Chunkname285.html
mlint_vsbbr Chunkname286.html
mlint_vsfli Chunkname287.html
mlint_vsflo Chunkname288.html
mlint_vscrd Chunkname289.html
mlint_vsspl Chunkname290.html
mlint_vstgr Chunkname291.html
mlint_vstmt Chunkname292.html
mlint_vspss Chunkname293.html
mlint_vsdtr Chunkname294.html
mlint_vsrts Chunkname295.html
vsrsn Chunkname296.html
mlint_vsemd Chunkname297.html
mlint_vsecc Chunkname298.html
mlint_vsefn Chunkname299.html
mlin_vsmid Chunkname300.html
mlint_vsmlc Chunkname301.html
mlint_blfop Chunkname302.html
mlint_blfcs Chunkname303.html
mlint_blfwr Chunkname304.html
mlint_blfrd Chunkname305.html
mlint_blfpr Chunkname306.html
mlint_blfsf Chunkname307.html
mlint_blfgl Chunkname308.html
mlint_blfgt Chunkname309.html
mlint_blfli Chunkname310.html
mlint_blflo Chunkname311.html
mlint_bltmt Chunkname312.html
mlint_blbaf Chunkname313.html
mlint_blbam Chunkname314.html
mlint_blban Chunkname315.html
mlint_blbab Chunkname316.html
mlint_blren Chunkname317.html
mlint_blrid Chunkname318.html
mlint_blefn Chunkname319.html
mlint_spfop Chunkname320.html
mlint_spfcs Chunkname321.html
mlint_spfwr Chunkname322.html
mlint_spfrd Chunkname323.html
mlint_spfpr Chunkname324.html
mlint_spfsf Chunkname325.html
mlint_spfgl Chunkname326.html
mlint_spfgt Chunkname327.html
mlint_spbbw Chunkname328.html
mlint_spbbr Chunkname329.html
mlint_spfli Chunkname330.html
mlint_spflo Chunkname331.html
mlint_sptmt Chunkname332.html
mlint_spbaf Chunkname333.html
mlint_spbam Chunkname334.html
mlint_spban Chunkname335.html
mlint_spbab Chunkname336.html
mlint_sppss Chunkname337.html
mlint_spdtr Chunkname338.html
mlint_sprts Chunkname339.html
mlint_spefn Chunkname340.html
mlint_tcfop Chunkname341.html
mlint_tcfcs Chunkname342.html
mlint_tcfwr Chunkname343.html
mlint_tcfrd Chunkname344.html
mlint_tcfpr Chunkname345.html
mlint_tcfsf Chunkname346.html
mlint_tcfgl Chunkname347.html
mlint_tcfgt Chunkname348.html
mlint_tcqry Chunkname349.html
mlint_tcbbw Chunkname350.html
mlint_tcbbr Chunkname351.html
mlint_tcfli Chunkname352.html
mlint_tcflo Chunkname353.html
mlint_tcntr Chunkname354.html
mlint_tctmt Chunkname355.html
mlint_tcbaf Chunkname356.html
mlint_tcbam Chunkname357.html
mlint_tcban Chunkname358.html
mlint_tcbab Chunkname359.html
mlint_tcrht Chunkname360.html
mlint_tcrpt Chunkname361.html
mlint_tctdy Chunkname362.html
mlint_tcefn Chunkname363.html
mlint_tsfop Chunkname364.html
mlint_tsfcs Chunkname365.html
mlint_tsfwr Chunkname366.html
mlint_tsfrd Chunkname367.html
mlint_tsfpr Chunkname368.html
mlint_tsfsf Chunkname369.html
mlint_tsfgl Chunkname370.html
mlint_tsfgt Chunkname371.html
mlint_tsbbw Chunkname372.html
mlint_tsbbr Chunkname373.html
mlint_tsfli Chunkname374.html
mlint_tsflo Chunkname375.html
mlint_tstmt Chunkname376.html
mlint_tsbaf Chunkname377.html
mlint_tsbam Chunkname378.html
mlint_tsban Chunkname379.html
mlint_tsbab Chunkname380.html
mlint_tslht Chunkname381.html
mlint_tsrht Chunkname382.html
mlint_tslpt Chunkname383.html
mlint_tslpm Chunkname384.html
mlint_tsrpt Chunkname385.html
mlint_tsefn Chunkname386.html
mlint_tsntr Chunkname387.html
mlint_udfop Chunkname388.html
mlint_udfcs Chunkname389.html
mlint_udfwr Chunkname390.html
mlint_udfrd Chunkname391.html
mlint_udfpr Chunkname392.html
mlint_udfsf Chunkname393.html
mlint_udfgl Chunkname394.html
mlint_udfgt Chunkname395.html
mlint_udfli Chunkname396.html
mlint_udflo Chunkname397.html
mlint_uddtm Chunkname398.html
mlint_udtmt Chunkname399.html
mlint_udbaf Chunkname400.html
mlint_udbam Chunkname401.html
mlint_udban Chunkname402.html
mlint_udbab Chunkname403.html
mlint_udodp Chunkname404.html
mlint_udefn Chunkname405.html
mlint_uddrf Chunkname406.html
mlint_funfun Chunkname407.html
mlint_evldual Chunkname408.html
mlint_evlsys Chunkname409.html
mlint_evlseqvar Chunkname410.html
mlint_imtool Chunkname411.html
mlint_oldsim Chunkname412.html
mlint_mdfobj Chunkname413.html
mlint_mdfchl Chunkname414.html
mlint_mdfrd Chunkname415.html
mlint_mdfsva Chunkname416.html
mlint_acorr Chunkname417.html
mlint_pcorr Chunkname418.html
mlint_xcorr Chunkname419.html
mlint_chkgr Chunkname420.html
mlint_smthg Chunkname421.html
mlint_smthft Chunkname422.html
mlint_smthf Chunkname423.html
mlint_smthfa Chunkname424.html
mlint_st2nm Chunkname425.html
mlint_pfsv Chunkname426.html
mlint_spsv Chunkname427.html
mlint_sysbang Chunkname428.html
mlint_logemp Chunkname429.html
mlint_logsum Chunkname430.html
mlint_logprod Chunkname431.html
mlint_logmin Chunkname432.html
mlint_logmax Chunkname433.html
mlint_mgmd Chunkname434.html
mlint_fisadv Chunkname435.html
mlint_fisget Chunkname436.html
mlint_fism2m Chunkname437.html
mlint_fism2s Chunkname438.html
mlint_fisnew Chunkname439.html
mlint_fispsr Chunkname440.html
mlint_fisrmf Chunkname441.html
mlint_fisrmv Chunkname442.html
mlint_fisset Chunkname443.html
mlint_fisshw Chunkname444.html
mlint_fiswrt Chunkname445.html
mlint_fisadm Chunkname446.html
mlint_instrf Chunkname447.html
mlint_instfa Chunkname448.html
mlint_instrr Chunkname449.html
mlint_pfrtn Chunkname450.html
mlint_pfpf Chunkname451.html
mlint_pfspmd Chunkname452.html
mlint_hgexport Chunkname453.html
mlint_iscl Chunkname454.html
mlint_avrrem Chunkname455.html
mlint_vredt Chunkname456.html
mlint_vrply Chunkname457.html
mlint_vrcnvs Chunkname458.html
mlint_vrfig Chunkname459.html
mlint_vrview Chunkname460.html
mlint_vrworld Chunkname461.html
mlint_vrnde Chunkname462.html
mlint_ifbdup Chunkname463.html
mlint_ifcdup Chunkname464.html
mlint_lbodup Chunkname465.html
mlint_intlleg1 Chunkname466.html
mlint_intlleg2 Chunkname467.html
mlint_intlleg3 Chunkname468.html
mlint_intlleg4 Chunkname469.html
mlint_intlleg5 Chunkname470.html
mlint_intlleg6 Chunkname471.html
mlint_intlleg7 Chunkname472.html
mlint_intlleg8 Chunkname473.html
mlint_intlleg9 Chunkname474.html
mlint_intlleg10 Chunkname475.html
mlint_intlleg11 Chunkname476.html
mlint_intlleg12 Chunkname477.html
mlint_intlleg13 Chunkname478.html
mlint_intlleg14 Chunkname479.html
mlint_intlleg15 Chunkname480.html
mlint_intlleg16 Chunkname481.html
mlint_intlleg17 Chunkname482.html
mlint_intlleg18 Chunkname483.html
mlint_intlleg19 Chunkname484.html
mlint_intlleg20 Chunkname485.html
mlint_intlleg21 Chunkname486.html
mlint_intlleg22 Chunkname487.html
mlint_expolar Chunkname488.html
mlint_compass Chunkname489.html
mlint_clear0args Chunkname490.html